<?xml version="1.0" encoding="UTF-8"?>
<TestRun id="e1d024be-7439-4bad-9824-c7630503fea9" name="Iago@GORPC 2011-10-11 00:05:05" runUser="GorPC\Iago" xmlns="http://microsoft.com/schemas/VisualStudio/TeamTest/2010">
  <TestSettings name="Local" id="aa1769db-939c-4284-b554-043d5b6c4a31">
    <Description>These are default test settings for a local test run.</Description>
    <Deployment userDeploymentRoot="C:\Users\Iago\Documents\Visual Studio 2010\Projects\Tomaco\TestResults" useDefaultDeploymentRoot="false" enabled="false" runDeploymentRoot="Iago_GORPC 2011-10-11 00_05_05">
      <DeploymentItem filename="C:\Users\Iago\Documents\Visual Studio 2010\Projects\Tomaco\TomacoDomain\bin\Release\TomacoDomain.dll" />
      <DeploymentItem filename="C:\Users\Iago\Documents\Visual Studio 2010\Projects\Tomaco\TomacoClientSocket\bin\Release\TomacoClientSocket.dll" />
      <DeploymentItem filename="C:\Users\Iago\Documents\Visual Studio 2010\Projects\Tomaco\TomacoServerSocket\bin\Release\TomacoServerSocket.dll" />
    </Deployment>
    <Execution>
      <TestTypeSpecific />
      <AgentRule name="Execution Agents">
      </AgentRule>
    </Execution>
  </TestSettings>
  <Times creation="2011-10-11T00:05:05.2549416+02:00" queuing="2011-10-11T00:05:05.3059446+02:00" start="2011-10-11T00:05:05.3359463+02:00" finish="2011-10-11T00:05:18.8497192+02:00" />
  <ResultSummary outcome="Error">
    <Counters total="2" executed="2" passed="1" error="0" failed="1" timeout="0" aborted="0" inconclusive="0" passedButRunAborted="0" notRunnable="0" notExecuted="0" disconnected="0" warning="0" completed="0" inProgress="0" pending="0" />
    <RunInfos>
      <RunInfo computerName="GORPC" outcome="Error" timestamp="2011-10-11T00:05:08.7501416+02:00">
        <Text>One of the background threads threw exception: 
System.Net.Sockets.SocketException (0x80004005): Una operación de bloqueo fue interrumpida por una llamada a WSACancelBlockingCall
   en System.Net.Sockets.Socket.Accept()
   en TomacoServerSocket.ServerSocket.esperarConexion() en C:\Users\Iago\Documents\Visual Studio 2010\Projects\Tomaco\TomacoServerSocket\ServerSocket.cs:línea 40
   en System.Threading.ThreadHelper.ThreadStart_Context(Object state)
   en System.Threading.ExecutionContext.runTryCode(Object userData)
   en System.Runtime.CompilerServices.RuntimeHelpers.ExecuteCodeWithGuaranteedCleanup(TryCode code, CleanupCode backoutCode, Object userData)
   en System.Threading.ExecutionContext.RunInternal(ExecutionContext executionContext, ContextCallback callback, Object state)
   en System.Threading.ExecutionContext.Run(ExecutionContext executionContext, ContextCallback callback, Object state, Boolean ignoreSyncCtx)
   en System.Threading.ExecutionContext.Run(ExecutionContext executionContext, ContextCallback callback, Object state)
   en System.Threading.ThreadHelper.ThreadStart()</Text>
      </RunInfo>
    </RunInfos>
  </ResultSummary>
  <TestDefinitions>
    <UnitTest name="puedo_crear_un_servidor_y_un_cliente_y_puedo_iniciarlos_y_sincronizarlos_obteniendo_el_resultado_del_tomaco" storage="c:\users\iago\documents\visual studio 2010\projects\tomaco\tomacotests\bin\release\tomacotests.dll" id="fbbc8eb6-e0c6-de4c-e4ef-a79b317604a7">
      <Execution id="c3371ed0-a979-4639-8a8e-043dad776467" />
      <TestMethod codeBase="C:/Users/Iago/Documents/Visual Studio 2010/Projects/Tomaco/TomacoTests/bin/Release/TomacoTests.DLL" adapterTypeName="Microsoft.VisualStudio.TestTools.TestTypes.Unit.UnitTestAdapter, Microsoft.VisualStudio.QualityTools.Tips.UnitTest.Adapter, Version=10.0.0.0, Culture=neutral, PublicKeyToken=b03f5f7f11d50a3a" className="TomacoTests.TomacoBehaviors, TomacoTests, Version=1.0.0.0, Culture=neutral, PublicKeyToken=null" name="puedo_crear_un_servidor_y_un_cliente_y_puedo_iniciarlos_y_sincronizarlos_obteniendo_el_resultado_del_tomaco" />
    </UnitTest>
    <UnitTest name="Si_estamos_en_el_primer_pomodoro_y_aun_no_se_ejecutaron_los_esperados_al_llegar_a_0_se_cambia_a_short" storage="c:\users\iago\documents\visual studio 2010\projects\tomaco\tomacotests\bin\release\tomacotests.dll" id="a985eb08-5e51-6cec-4b68-4195eec80bfd">
      <Execution id="29530232-30ae-4d6c-8049-53166949cdef" />
      <TestMethod codeBase="C:/Users/Iago/Documents/Visual Studio 2010/Projects/Tomaco/TomacoTests/bin/Release/TomacoTests.DLL" adapterTypeName="Microsoft.VisualStudio.TestTools.TestTypes.Unit.UnitTestAdapter, Microsoft.VisualStudio.QualityTools.Tips.UnitTest.Adapter, Version=10.0.0.0, Culture=neutral, PublicKeyToken=b03f5f7f11d50a3a" className="TomacoTests.TomacoBehaviors, TomacoTests, Version=1.0.0.0, Culture=neutral, PublicKeyToken=null" name="Si_estamos_en_el_primer_pomodoro_y_aun_no_se_ejecutaron_los_esperados_al_llegar_a_0_se_cambia_a_short" />
    </UnitTest>
  </TestDefinitions>
  <TestLists>
    <TestList name="Results Not in a List" id="8c84fa94-04c1-424b-9868-57a2d4851a1d" />
    <TestList name="All Loaded Results" id="19431567-8539-422a-85d7-44ee4e166bda" />
  </TestLists>
  <TestEntries>
    <TestEntry testId="a985eb08-5e51-6cec-4b68-4195eec80bfd" executionId="29530232-30ae-4d6c-8049-53166949cdef" testListId="8c84fa94-04c1-424b-9868-57a2d4851a1d" />
    <TestEntry testId="fbbc8eb6-e0c6-de4c-e4ef-a79b317604a7" executionId="c3371ed0-a979-4639-8a8e-043dad776467" testListId="8c84fa94-04c1-424b-9868-57a2d4851a1d" />
  </TestEntries>
  <Results>
    <UnitTestResult executionId="29530232-30ae-4d6c-8049-53166949cdef" testId="a985eb08-5e51-6cec-4b68-4195eec80bfd" testName="Si_estamos_en_el_primer_pomodoro_y_aun_no_se_ejecutaron_los_esperados_al_llegar_a_0_se_cambia_a_short" computerName="GORPC" duration="00:00:00.0891929" startTime="2011-10-11T00:05:05.3439467+02:00" endTime="2011-10-11T00:05:05.6689653+02:00" testType="13cdc9d9-ddb5-4fa4-a97d-d965ccfc6d4b" outcome="Failed" testListId="8c84fa94-04c1-424b-9868-57a2d4851a1d" relativeResultsDirectory="29530232-30ae-4d6c-8049-53166949cdef">
      <Output>
        <ErrorInfo>
          <Message>Assert.AreEqual failed. Expected:&lt;EnPomodoro&gt;. Actual:&lt;EnShort&gt;. </Message>
          <StackTrace>   en TomacoTests.TomacoBehaviors.Si_estamos_en_el_primer_pomodoro_y_aun_no_se_ejecutaron_los_esperados_al_llegar_a_0_se_cambia_a_short() en C:\Users\Iago\Documents\Visual Studio 2010\Projects\Tomaco\TomacoTests\TomacoBehaviors.cs:línea 38
</StackTrace>
        </ErrorInfo>
      </Output>
    </UnitTestResult>
    <UnitTestResult executionId="c3371ed0-a979-4639-8a8e-043dad776467" testId="fbbc8eb6-e0c6-de4c-e4ef-a79b317604a7" testName="puedo_crear_un_servidor_y_un_cliente_y_puedo_iniciarlos_y_sincronizarlos_obteniendo_el_resultado_del_tomaco" computerName="GORPC" duration="00:00:03.0321347" startTime="2011-10-11T00:05:05.6709654+02:00" endTime="2011-10-11T00:05:08.7071391+02:00" testType="13cdc9d9-ddb5-4fa4-a97d-d965ccfc6d4b" outcome="Passed" testListId="8c84fa94-04c1-424b-9868-57a2d4851a1d" relativeResultsDirectory="c3371ed0-a979-4639-8a8e-043dad776467">
    </UnitTestResult>
  </Results>
</TestRun>