<?xml version="1.0" encoding="UTF-8"?>
<TestRun id="7ec06f03-00a1-4fa4-9e92-01990d700d75" name="Iago@GORPC 2011-10-11 00:08:22" runUser="GorPC\Iago" xmlns="http://microsoft.com/schemas/VisualStudio/TeamTest/2010">
  <TestSettings name="Local" id="aa1769db-939c-4284-b554-043d5b6c4a31">
    <Description>These are default test settings for a local test run.</Description>
    <Deployment userDeploymentRoot="C:\Users\Iago\Documents\Visual Studio 2010\Projects\Tomaco\TestResults" useDefaultDeploymentRoot="false" enabled="false" runDeploymentRoot="Iago_GORPC 2011-10-11 00_08_22">
      <DeploymentItem filename="C:\Users\Iago\Documents\Visual Studio 2010\Projects\Tomaco\TomacoDomain\bin\Release\TomacoDomain.dll" />
      <DeploymentItem filename="C:\Users\Iago\Documents\Visual Studio 2010\Projects\Tomaco\TomacoClientSocket\bin\Release\TomacoClientSocket.dll" />
      <DeploymentItem filename="C:\Users\Iago\Documents\Visual Studio 2010\Projects\Tomaco\TomacoServerSocket\bin\Release\TomacoServerSocket.dll" />
    </Deployment>
    <Execution>
      <TestTypeSpecific />
      <AgentRule name="Execution Agents">
      </AgentRule>
    </Execution>
  </TestSettings>
  <Times creation="2011-10-11T00:08:22.3872170+02:00" queuing="2011-10-11T00:08:22.4882227+02:00" start="2011-10-11T00:08:22.4952231+02:00" finish="2011-10-11T00:08:22.7002349+02:00" />
  <ResultSummary outcome="Completed">
    <Counters total="1" executed="1" passed="1" error="0" failed="0" timeout="0" aborted="0" inconclusive="0" passedButRunAborted="0" notRunnable="0" notExecuted="0" disconnected="0" warning="0" completed="0" inProgress="0" pending="0" />
  </ResultSummary>
  <TestDefinitions>
    <UnitTest name="Si_estamos_en_el_primer_pomodoro_y_aun_no_se_ejecutaron_los_esperados_al_llegar_a_0_se_cambia_a_short" storage="c:\users\iago\documents\visual studio 2010\projects\tomaco\tomacotests\bin\release\tomacotests.dll" id="a985eb08-5e51-6cec-4b68-4195eec80bfd">
      <Execution id="dc014d83-c5d6-4262-ab0d-6ef49096ced4" />
      <TestMethod codeBase="C:/Users/Iago/Documents/Visual Studio 2010/Projects/Tomaco/TomacoTests/bin/Release/TomacoTests.DLL" adapterTypeName="Microsoft.VisualStudio.TestTools.TestTypes.Unit.UnitTestAdapter, Microsoft.VisualStudio.QualityTools.Tips.UnitTest.Adapter, Version=10.0.0.0, Culture=neutral, PublicKeyToken=b03f5f7f11d50a3a" className="TomacoTests.TomacoBehaviors, TomacoTests, Version=1.0.0.0, Culture=neutral, PublicKeyToken=null" name="Si_estamos_en_el_primer_pomodoro_y_aun_no_se_ejecutaron_los_esperados_al_llegar_a_0_se_cambia_a_short" />
    </UnitTest>
  </TestDefinitions>
  <TestLists>
    <TestList name="Results Not in a List" id="8c84fa94-04c1-424b-9868-57a2d4851a1d" />
    <TestList name="All Loaded Results" id="19431567-8539-422a-85d7-44ee4e166bda" />
  </TestLists>
  <TestEntries>
    <TestEntry testId="a985eb08-5e51-6cec-4b68-4195eec80bfd" executionId="dc014d83-c5d6-4262-ab0d-6ef49096ced4" testListId="8c84fa94-04c1-424b-9868-57a2d4851a1d" />
  </TestEntries>
  <Results>
    <UnitTestResult executionId="dc014d83-c5d6-4262-ab0d-6ef49096ced4" testId="a985eb08-5e51-6cec-4b68-4195eec80bfd" testName="Si_estamos_en_el_primer_pomodoro_y_aun_no_se_ejecutaron_los_esperados_al_llegar_a_0_se_cambia_a_short" computerName="GORPC" duration="00:00:00.0141784" startTime="2011-10-11T00:08:22.4972233+02:00" endTime="2011-10-11T00:08:22.6872341+02:00" testType="13cdc9d9-ddb5-4fa4-a97d-d965ccfc6d4b" outcome="Passed" testListId="8c84fa94-04c1-424b-9868-57a2d4851a1d" relativeResultsDirectory="dc014d83-c5d6-4262-ab0d-6ef49096ced4">
    </UnitTestResult>
  </Results>
</TestRun>