<?xml version="1.0" encoding="UTF-8"?>
<TestRun id="d621e770-953f-4fb4-9db0-d3c7282320fc" name="Iago@GORPC 2011-10-02 15:59:39" runUser="GorPC\Iago" xmlns="http://microsoft.com/schemas/VisualStudio/TeamTest/2010">
  <TestSettings name="Local" id="aa1769db-939c-4284-b554-043d5b6c4a31">
    <Description>These are default test settings for a local test run.</Description>
    <Deployment userDeploymentRoot="C:\Users\Iago\Documents\Visual Studio 2010\Projects\Tomaco\TestResults" useDefaultDeploymentRoot="false" enabled="false" runDeploymentRoot="Iago_GORPC 2011-10-02 15_59_39">
      <DeploymentItem filename="C:\Users\Iago\Documents\Visual Studio 2010\Projects\Tomaco\TomacoDomain\bin\Release\TomacoDomain.dll" />
    </Deployment>
    <Execution>
      <TestTypeSpecific />
      <AgentRule name="Execution Agents">
      </AgentRule>
    </Execution>
  </TestSettings>
  <Times creation="2011-10-02T15:59:39.4389717+02:00" queuing="2011-10-02T15:59:40.3600244+02:00" start="2011-10-02T15:59:40.5030326+02:00" finish="2011-10-02T16:00:12.4088575+02:00" />
  <ResultSummary outcome="Error">
    <Counters total="1" executed="1" passed="1" error="0" failed="0" timeout="0" aborted="0" inconclusive="0" passedButRunAborted="0" notRunnable="0" notExecuted="0" disconnected="0" warning="0" completed="0" inProgress="0" pending="0" />
    <RunInfos>
      <RunInfo computerName="GORPC" outcome="Error" timestamp="2011-10-02T16:00:12.2708496+02:00">
        <Text>One of the background threads threw exception: 
System.Net.Sockets.SocketException (0x80004005): Una operación de bloqueo fue interrumpida por una llamada a WSACancelBlockingCall
   en System.Net.Sockets.Socket.Accept()
   en TomacoDomain.ServerSocket.esperarConexion() en C:\Users\Iago\Documents\Visual Studio 2010\Projects\Tomaco\TomacoDomain\ServerSocket.cs:línea 38
   en System.Threading.ThreadHelper.ThreadStart_Context(Object state)
   en System.Threading.ExecutionContext.runTryCode(Object userData)
   en System.Runtime.CompilerServices.RuntimeHelpers.ExecuteCodeWithGuaranteedCleanup(TryCode code, CleanupCode backoutCode, Object userData)
   en System.Threading.ExecutionContext.RunInternal(ExecutionContext executionContext, ContextCallback callback, Object state)
   en System.Threading.ExecutionContext.Run(ExecutionContext executionContext, ContextCallback callback, Object state, Boolean ignoreSyncCtx)
   en System.Threading.ExecutionContext.Run(ExecutionContext executionContext, ContextCallback callback, Object state)
   en System.Threading.ThreadHelper.ThreadStart()</Text>
      </RunInfo>
    </RunInfos>
  </ResultSummary>
  <TestDefinitions>
    <UnitTest name="puedo_crear_un_servidor_y_un_cliente_y_puedo_iniciarlos_y_sincronizarlos_obteniendo_el_resultado_del_tomaco" storage="c:\users\iago\documents\visual studio 2010\projects\tomaco\tomacotests\bin\release\tomacotests.dll" id="fbbc8eb6-e0c6-de4c-e4ef-a79b317604a7">
      <Execution id="442b7433-9cf9-4598-9174-642e5a67f8a1" />
      <TestMethod codeBase="C:/Users/Iago/Documents/Visual Studio 2010/Projects/Tomaco/TomacoTests/bin/Release/TomacoTests.DLL" adapterTypeName="Microsoft.VisualStudio.TestTools.TestTypes.Unit.UnitTestAdapter, Microsoft.VisualStudio.QualityTools.Tips.UnitTest.Adapter, Version=10.0.0.0, Culture=neutral, PublicKeyToken=b03f5f7f11d50a3a" className="TomacoTests.TomacoBehaviors, TomacoTests, Version=1.0.0.0, Culture=neutral, PublicKeyToken=null" name="puedo_crear_un_servidor_y_un_cliente_y_puedo_iniciarlos_y_sincronizarlos_obteniendo_el_resultado_del_tomaco" />
    </UnitTest>
  </TestDefinitions>
  <TestLists>
    <TestList name="Results Not in a List" id="8c84fa94-04c1-424b-9868-57a2d4851a1d" />
    <TestList name="All Loaded Results" id="19431567-8539-422a-85d7-44ee4e166bda" />
  </TestLists>
  <TestEntries>
    <TestEntry testId="fbbc8eb6-e0c6-de4c-e4ef-a79b317604a7" executionId="442b7433-9cf9-4598-9174-642e5a67f8a1" testListId="8c84fa94-04c1-424b-9868-57a2d4851a1d" />
  </TestEntries>
  <Results>
    <UnitTestResult executionId="442b7433-9cf9-4598-9174-642e5a67f8a1" testId="fbbc8eb6-e0c6-de4c-e4ef-a79b317604a7" testName="puedo_crear_un_servidor_y_un_cliente_y_puedo_iniciarlos_y_sincronizarlos_obteniendo_el_resultado_del_tomaco" computerName="GORPC" duration="00:00:30.9956330" startTime="2011-10-02T15:59:40.6260396+02:00" endTime="2011-10-02T16:00:12.2448481+02:00" testType="13cdc9d9-ddb5-4fa4-a97d-d965ccfc6d4b" outcome="Passed" testListId="8c84fa94-04c1-424b-9868-57a2d4851a1d" relativeResultsDirectory="442b7433-9cf9-4598-9174-642e5a67f8a1">
      <Output>
        <StdOut>Error Cliente ERROR!</StdOut>
      </Output>
    </UnitTestResult>
  </Results>
</TestRun>