<?xml version="1.0" encoding="UTF-8"?>
<TestRun id="c78708e9-7590-49f7-8e1c-69e500115ba5" name="Iago@GORPC 2011-10-12 23:58:46" runUser="GorPC\Iago" xmlns="http://microsoft.com/schemas/VisualStudio/TeamTest/2010">
  <TestSettings name="Local" id="aa1769db-939c-4284-b554-043d5b6c4a31">
    <Description>These are default test settings for a local test run.</Description>
    <Deployment userDeploymentRoot="C:\Users\Iago\Documents\Visual Studio 2010\Projects\Tomaco\TestResults" useDefaultDeploymentRoot="false" enabled="false" runDeploymentRoot="Iago_GORPC 2011-10-12 23_58_46">
      <DeploymentItem filename="C:\Users\Iago\Documents\Visual Studio 2010\Projects\Tomaco\TomacoDomain\bin\Release\TomacoDomain.dll" />
      <DeploymentItem filename="C:\Users\Iago\Documents\Visual Studio 2010\Projects\Tomaco\TomacoClientSocket\bin\Release\TomacoClientSocket.dll" />
      <DeploymentItem filename="C:\Users\Iago\Documents\Visual Studio 2010\Projects\Tomaco\TomacoServerSocket\bin\Release\TomacoServerSocket.dll" />
    </Deployment>
    <Execution>
      <TestTypeSpecific />
      <AgentRule name="Execution Agents">
      </AgentRule>
    </Execution>
  </TestSettings>
  <Times creation="2011-10-12T23:58:46.4716858+02:00" queuing="2011-10-12T23:58:46.6246946+02:00" start="2011-10-12T23:58:46.6566964+02:00" finish="2011-10-12T23:58:46.9367124+02:00" />
  <ResultSummary outcome="Completed">
    <Counters total="1" executed="1" passed="1" error="0" failed="0" timeout="0" aborted="0" inconclusive="0" passedButRunAborted="0" notRunnable="0" notExecuted="0" disconnected="0" warning="0" completed="0" inProgress="0" pending="0" />
  </ResultSummary>
  <TestDefinitions>
    <UnitTest name="se_realizan_los_cambios_de_estado_segun_la_configuracion" storage="c:\users\iago\documents\visual studio 2010\projects\tomaco\tomacotests\bin\release\tomacotests.dll" id="b3d5a3a0-46de-d48f-115d-eed6f65d0549">
      <Execution id="d3aec83c-02cf-4f12-b6a2-53b7ba999e0d" />
      <TestMethod codeBase="C:/Users/Iago/Documents/Visual Studio 2010/Projects/Tomaco/TomacoTests/bin/Release/TomacoTests.DLL" adapterTypeName="Microsoft.VisualStudio.TestTools.TestTypes.Unit.UnitTestAdapter, Microsoft.VisualStudio.QualityTools.Tips.UnitTest.Adapter, Version=10.0.0.0, Culture=neutral, PublicKeyToken=b03f5f7f11d50a3a" className="TomacoTests.TomacoBehaviors, TomacoTests, Version=1.0.0.0, Culture=neutral, PublicKeyToken=null" name="se_realizan_los_cambios_de_estado_segun_la_configuracion" />
    </UnitTest>
  </TestDefinitions>
  <TestLists>
    <TestList name="Results Not in a List" id="8c84fa94-04c1-424b-9868-57a2d4851a1d" />
    <TestList name="All Loaded Results" id="19431567-8539-422a-85d7-44ee4e166bda" />
  </TestLists>
  <TestEntries>
    <TestEntry testId="b3d5a3a0-46de-d48f-115d-eed6f65d0549" executionId="d3aec83c-02cf-4f12-b6a2-53b7ba999e0d" testListId="8c84fa94-04c1-424b-9868-57a2d4851a1d" />
  </TestEntries>
  <Results>
    <UnitTestResult executionId="d3aec83c-02cf-4f12-b6a2-53b7ba999e0d" testId="b3d5a3a0-46de-d48f-115d-eed6f65d0549" testName="se_realizan_los_cambios_de_estado_segun_la_configuracion" computerName="GORPC" duration="00:00:00.0153582" startTime="2011-10-12T23:58:46.6656969+02:00" endTime="2011-10-12T23:58:46.9207115+02:00" testType="13cdc9d9-ddb5-4fa4-a97d-d965ccfc6d4b" outcome="Passed" testListId="8c84fa94-04c1-424b-9868-57a2d4851a1d" relativeResultsDirectory="d3aec83c-02cf-4f12-b6a2-53b7ba999e0d">
    </UnitTestResult>
  </Results>
</TestRun>