<?xml version="1.0" encoding="UTF-8"?>
<TestRun id="93744a9a-1f18-4f5f-bf25-1c92c0c2488a" name="Iago@GORPC 2011-10-31 20:36:07" runUser="GorPC\Iago" xmlns="http://microsoft.com/schemas/VisualStudio/TeamTest/2010">
  <TestSettings name="Local" id="aa1769db-939c-4284-b554-043d5b6c4a31">
    <Description>These are default test settings for a local test run.</Description>
    <Deployment enabled="false" runDeploymentRoot="Iago_GORPC 2011-10-31 20_36_07">
      <DeploymentItem filename="C:\Users\Iago\Documents\Visual Studio 2010\Projects\Tomaco\TomacoDomain\bin\Release\TomacoDomain.dll" />
      <DeploymentItem filename="C:\Users\Iago\Documents\Visual Studio 2010\Projects\Tomaco\TomacoClientSocket\bin\Release\TomacoClientSocket.dll" />
      <DeploymentItem filename="C:\Users\Iago\Documents\Visual Studio 2010\Projects\Tomaco\TomacoServerSocket\bin\Release\TomacoServerSocket.dll" />
      <DeploymentItem filename="C:\Users\Iago\Documents\Visual Studio 2010\Projects\Tomaco\TomacoServer\bin\Release\TomacoServer.exe" />
    </Deployment>
    <Execution>
      <TestTypeSpecific />
      <AgentRule name="Execution Agents">
      </AgentRule>
    </Execution>
  </TestSettings>
  <Times creation="2011-10-31T20:36:07.1032320+01:00" queuing="2011-10-31T20:36:07.4232324+01:00" start="2011-10-31T20:36:07.4532324+01:00" finish="2011-10-31T20:36:37.4342745+01:00" />
  <ResultSummary outcome="Error">
    <Counters total="6" executed="6" passed="5" error="0" failed="1" timeout="0" aborted="0" inconclusive="0" passedButRunAborted="0" notRunnable="0" notExecuted="0" disconnected="0" warning="0" completed="0" inProgress="0" pending="0" />
    <RunInfos>
      <RunInfo computerName="GORPC" outcome="Error" timestamp="2011-10-31T20:36:15.3032434+01:00">
        <Text>One of the background threads threw exception: 
System.Net.Sockets.SocketException (0x80004005): Una operación de bloqueo fue interrumpida por una llamada a WSACancelBlockingCall
   en System.Net.Sockets.Socket.Accept()
   en TomacoServerSocket.ServerSocket.esperarConexion() en C:\Users\Iago\Documents\Visual Studio 2010\Projects\Tomaco\TomacoServerSocket\ServerSocket.cs:línea 40
   en System.Threading.ThreadHelper.ThreadStart_Context(Object state)
   en System.Threading.ExecutionContext.runTryCode(Object userData)
   en System.Runtime.CompilerServices.RuntimeHelpers.ExecuteCodeWithGuaranteedCleanup(TryCode code, CleanupCode backoutCode, Object userData)
   en System.Threading.ExecutionContext.RunInternal(ExecutionContext executionContext, ContextCallback callback, Object state)
   en System.Threading.ExecutionContext.Run(ExecutionContext executionContext, ContextCallback callback, Object state, Boolean ignoreSyncCtx)
   en System.Threading.ExecutionContext.Run(ExecutionContext executionContext, ContextCallback callback, Object state)
   en System.Threading.ThreadHelper.ThreadStart()</Text>
      </RunInfo>
    </RunInfos>
  </ResultSummary>
  <TestDefinitions>
    <UnitTest name="puedo_parar_el_tomaco_server" storage="c:\users\iago\documents\visual studio 2010\projects\tomaco\tomacotests\bin\release\tomacotests.dll" id="b44384e4-38d0-ad80-2bf2-50c56a3f0d4d">
      <Execution id="e489de81-a944-4036-a4de-a48806fb8522" />
      <TestMethod codeBase="C:/Users/Iago/Documents/Visual Studio 2010/Projects/Tomaco/TomacoTests/bin/Release/TomacoTests.DLL" adapterTypeName="Microsoft.VisualStudio.TestTools.TestTypes.Unit.UnitTestAdapter, Microsoft.VisualStudio.QualityTools.Tips.UnitTest.Adapter, Version=10.0.0.0, Culture=neutral, PublicKeyToken=b03f5f7f11d50a3a" className="TomacoTests.TomacoServerSpecs, TomacoTests, Version=1.0.0.0, Culture=neutral, PublicKeyToken=null" name="puedo_parar_el_tomaco_server" />
    </UnitTest>
    <UnitTest name="puedo_abrir_un_servidor_ya_abierto_sin_provocar_un_fallo" storage="c:\users\iago\documents\visual studio 2010\projects\tomaco\tomacotests\bin\release\tomacotests.dll" id="daca8516-7855-d4d7-8510-08304cad7099">
      <Execution id="8a23db7f-2ef3-43b3-b18c-aaf8ecd44a3c" />
      <TestMethod codeBase="C:/Users/Iago/Documents/Visual Studio 2010/Projects/Tomaco/TomacoTests/bin/Release/TomacoTests.DLL" adapterTypeName="Microsoft.VisualStudio.TestTools.TestTypes.Unit.UnitTestAdapter, Microsoft.VisualStudio.QualityTools.Tips.UnitTest.Adapter, Version=10.0.0.0, Culture=neutral, PublicKeyToken=b03f5f7f11d50a3a" className="TomacoTests.TomacoServerSpecs, TomacoTests, Version=1.0.0.0, Culture=neutral, PublicKeyToken=null" name="puedo_abrir_un_servidor_ya_abierto_sin_provocar_un_fallo" />
    </UnitTest>
    <UnitTest name="puedo_iniciar_un_pomodoro" storage="c:\users\iago\documents\visual studio 2010\projects\tomaco\tomacotests\bin\release\tomacotests.dll" id="1b4d594b-b3ba-755e-eaac-f044c2cd2d23">
      <Execution id="1fa56bd2-d21a-4d00-9dde-d0a9423ef953" />
      <TestMethod codeBase="C:/Users/Iago/Documents/Visual Studio 2010/Projects/Tomaco/TomacoTests/bin/Release/TomacoTests.DLL" adapterTypeName="Microsoft.VisualStudio.TestTools.TestTypes.Unit.UnitTestAdapter, Microsoft.VisualStudio.QualityTools.Tips.UnitTest.Adapter, Version=10.0.0.0, Culture=neutral, PublicKeyToken=b03f5f7f11d50a3a" className="TomacoTests.TomacoServiceSpecs, TomacoTests, Version=1.0.0.0, Culture=neutral, PublicKeyToken=null" name="puedo_iniciar_un_pomodoro" />
    </UnitTest>
    <UnitTest name="puedo_iniciar_el_tomaco_server" storage="c:\users\iago\documents\visual studio 2010\projects\tomaco\tomacotests\bin\release\tomacotests.dll" id="524c1c0d-0035-70c0-abf2-5b962ca3c8d5">
      <Execution id="3d8452bd-204d-432a-a406-de12cfa00f75" />
      <TestMethod codeBase="C:/Users/Iago/Documents/Visual Studio 2010/Projects/Tomaco/TomacoTests/bin/Release/TomacoTests.DLL" adapterTypeName="Microsoft.VisualStudio.TestTools.TestTypes.Unit.UnitTestAdapter, Microsoft.VisualStudio.QualityTools.Tips.UnitTest.Adapter, Version=10.0.0.0, Culture=neutral, PublicKeyToken=b03f5f7f11d50a3a" className="TomacoTests.TomacoServerSpecs, TomacoTests, Version=1.0.0.0, Culture=neutral, PublicKeyToken=null" name="puedo_iniciar_el_tomaco_server" />
    </UnitTest>
    <UnitTest name="se_realizan_los_cambios_de_estado_segun_la_configuracion" storage="c:\users\iago\documents\visual studio 2010\projects\tomaco\tomacotests\bin\release\tomacotests.dll" id="b3d5a3a0-46de-d48f-115d-eed6f65d0549">
      <Execution id="d95c36e4-3192-424d-8541-d57cd79ad670" />
      <TestMethod codeBase="C:/Users/Iago/Documents/Visual Studio 2010/Projects/Tomaco/TomacoTests/bin/Release/TomacoTests.DLL" adapterTypeName="Microsoft.VisualStudio.TestTools.TestTypes.Unit.UnitTestAdapter, Microsoft.VisualStudio.QualityTools.Tips.UnitTest.Adapter, Version=10.0.0.0, Culture=neutral, PublicKeyToken=b03f5f7f11d50a3a" className="TomacoTests.TomacoBehaviors, TomacoTests, Version=1.0.0.0, Culture=neutral, PublicKeyToken=null" name="se_realizan_los_cambios_de_estado_segun_la_configuracion" />
    </UnitTest>
    <UnitTest name="puedo_crear_un_servidor_y_un_cliente_y_puedo_iniciarlos_y_sincronizarlos_obteniendo_el_resultado_del_tomaco" storage="c:\users\iago\documents\visual studio 2010\projects\tomaco\tomacotests\bin\release\tomacotests.dll" id="fbbc8eb6-e0c6-de4c-e4ef-a79b317604a7">
      <Execution id="7c487f8c-11ec-426e-8f8d-6f5007ddb2c5" />
      <TestMethod codeBase="C:/Users/Iago/Documents/Visual Studio 2010/Projects/Tomaco/TomacoTests/bin/Release/TomacoTests.DLL" adapterTypeName="Microsoft.VisualStudio.TestTools.TestTypes.Unit.UnitTestAdapter, Microsoft.VisualStudio.QualityTools.Tips.UnitTest.Adapter, Version=10.0.0.0, Culture=neutral, PublicKeyToken=b03f5f7f11d50a3a" className="TomacoTests.TomacoBehaviors, TomacoTests, Version=1.0.0.0, Culture=neutral, PublicKeyToken=null" name="puedo_crear_un_servidor_y_un_cliente_y_puedo_iniciarlos_y_sincronizarlos_obteniendo_el_resultado_del_tomaco" />
    </UnitTest>
  </TestDefinitions>
  <TestLists>
    <TestList name="Results Not in a List" id="8c84fa94-04c1-424b-9868-57a2d4851a1d" />
    <TestList name="All Loaded Results" id="19431567-8539-422a-85d7-44ee4e166bda" />
  </TestLists>
  <TestEntries>
    <TestEntry testId="1b4d594b-b3ba-755e-eaac-f044c2cd2d23" executionId="1fa56bd2-d21a-4d00-9dde-d0a9423ef953" testListId="8c84fa94-04c1-424b-9868-57a2d4851a1d" />
    <TestEntry testId="524c1c0d-0035-70c0-abf2-5b962ca3c8d5" executionId="3d8452bd-204d-432a-a406-de12cfa00f75" testListId="8c84fa94-04c1-424b-9868-57a2d4851a1d" />
    <TestEntry testId="b3d5a3a0-46de-d48f-115d-eed6f65d0549" executionId="d95c36e4-3192-424d-8541-d57cd79ad670" testListId="8c84fa94-04c1-424b-9868-57a2d4851a1d" />
    <TestEntry testId="b44384e4-38d0-ad80-2bf2-50c56a3f0d4d" executionId="e489de81-a944-4036-a4de-a48806fb8522" testListId="8c84fa94-04c1-424b-9868-57a2d4851a1d" />
    <TestEntry testId="daca8516-7855-d4d7-8510-08304cad7099" executionId="8a23db7f-2ef3-43b3-b18c-aaf8ecd44a3c" testListId="8c84fa94-04c1-424b-9868-57a2d4851a1d" />
    <TestEntry testId="fbbc8eb6-e0c6-de4c-e4ef-a79b317604a7" executionId="7c487f8c-11ec-426e-8f8d-6f5007ddb2c5" testListId="8c84fa94-04c1-424b-9868-57a2d4851a1d" />
  </TestEntries>
  <Results>
    <UnitTestResult executionId="1fa56bd2-d21a-4d00-9dde-d0a9423ef953" testId="1b4d594b-b3ba-755e-eaac-f044c2cd2d23" testName="puedo_iniciar_un_pomodoro" computerName="GORPC" duration="00:00:00.1311945" startTime="2011-10-31T20:36:07.4632325+01:00" endTime="2011-10-31T20:36:07.8532330+01:00" testType="13cdc9d9-ddb5-4fa4-a97d-d965ccfc6d4b" outcome="Failed" testListId="8c84fa94-04c1-424b-9868-57a2d4851a1d" relativeResultsDirectory="1fa56bd2-d21a-4d00-9dde-d0a9423ef953">
      <Output>
        <ErrorInfo>
          <Message>Test method TomacoTests.TomacoServiceSpecs.puedo_iniciar_un_pomodoro threw exception: 
System.NotImplementedException: No se puede implementar el método o la operación.</Message>
          <StackTrace>    en TomacoTests.TomacoServiceSpecs.puedo_iniciar_un_pomodoro() en C:\Users\Iago\Documents\Visual Studio 2010\Projects\Tomaco\TomacoTests\TomacoServiceSpecs.cs:línea 18
</StackTrace>
        </ErrorInfo>
      </Output>
    </UnitTestResult>
    <UnitTestResult executionId="3d8452bd-204d-432a-a406-de12cfa00f75" testId="524c1c0d-0035-70c0-abf2-5b962ca3c8d5" testName="puedo_iniciar_el_tomaco_server" computerName="GORPC" duration="00:00:02.0398508" startTime="2011-10-31T20:36:07.8632330+01:00" endTime="2011-10-31T20:36:09.9032359+01:00" testType="13cdc9d9-ddb5-4fa4-a97d-d965ccfc6d4b" outcome="Passed" testListId="8c84fa94-04c1-424b-9868-57a2d4851a1d" relativeResultsDirectory="3d8452bd-204d-432a-a406-de12cfa00f75">
      <Output>
        <StdOut>Server open in net.tcp://localhost/tomaco</StdOut>
      </Output>
    </UnitTestResult>
    <UnitTestResult executionId="d95c36e4-3192-424d-8541-d57cd79ad670" testId="b3d5a3a0-46de-d48f-115d-eed6f65d0549" testName="se_realizan_los_cambios_de_estado_segun_la_configuracion" computerName="GORPC" duration="00:00:00.0056651" startTime="2011-10-31T20:36:09.9132359+01:00" endTime="2011-10-31T20:36:09.9232359+01:00" testType="13cdc9d9-ddb5-4fa4-a97d-d965ccfc6d4b" outcome="Passed" testListId="8c84fa94-04c1-424b-9868-57a2d4851a1d" relativeResultsDirectory="d95c36e4-3192-424d-8541-d57cd79ad670">
    </UnitTestResult>
    <UnitTestResult executionId="e489de81-a944-4036-a4de-a48806fb8522" testId="b44384e4-38d0-ad80-2bf2-50c56a3f0d4d" testName="puedo_parar_el_tomaco_server" computerName="GORPC" duration="00:00:02.2851581" startTime="2011-10-31T20:36:09.9332359+01:00" endTime="2011-10-31T20:36:12.2232391+01:00" testType="13cdc9d9-ddb5-4fa4-a97d-d965ccfc6d4b" outcome="Passed" testListId="8c84fa94-04c1-424b-9868-57a2d4851a1d" relativeResultsDirectory="e489de81-a944-4036-a4de-a48806fb8522">
      <Output>
        <StdOut>Server open in net.tcp://localhost/tomaco</StdOut>
      </Output>
    </UnitTestResult>
    <UnitTestResult executionId="8a23db7f-2ef3-43b3-b18c-aaf8ecd44a3c" testId="daca8516-7855-d4d7-8510-08304cad7099" testName="puedo_abrir_un_servidor_ya_abierto_sin_provocar_un_fallo" computerName="GORPC" duration="00:00:00.0179290" startTime="2011-10-31T20:36:12.2232391+01:00" endTime="2011-10-31T20:36:12.2432392+01:00" testType="13cdc9d9-ddb5-4fa4-a97d-d965ccfc6d4b" outcome="Passed" testListId="8c84fa94-04c1-424b-9868-57a2d4851a1d" relativeResultsDirectory="8a23db7f-2ef3-43b3-b18c-aaf8ecd44a3c">
      <Output>
        <StdOut>Server open in net.tcp://localhost/tomaco
Server open in net.tcp://localhost/tomaco</StdOut>
      </Output>
    </UnitTestResult>
    <UnitTestResult executionId="7c487f8c-11ec-426e-8f8d-6f5007ddb2c5" testId="fbbc8eb6-e0c6-de4c-e4ef-a79b317604a7" testName="puedo_crear_un_servidor_y_un_cliente_y_puedo_iniciarlos_y_sincronizarlos_obteniendo_el_resultado_del_tomaco" computerName="GORPC" duration="00:00:03.0334924" startTime="2011-10-31T20:36:12.2432392+01:00" endTime="2011-10-31T20:36:15.2832434+01:00" testType="13cdc9d9-ddb5-4fa4-a97d-d965ccfc6d4b" outcome="Passed" testListId="8c84fa94-04c1-424b-9868-57a2d4851a1d" relativeResultsDirectory="7c487f8c-11ec-426e-8f8d-6f5007ddb2c5">
    </UnitTestResult>
  </Results>
</TestRun>